First building id/name, followed by Enter: Second building id/name, followed by Enter: Unknown building: [0]
First building id/name, followed by Enter: Second building id/name, followed by Enter: Unknown building: [0]
First building id/name, followed by Enter: Second building id/name, followed by Enter: Path from Pittsburgh Building to Pittsburgh Building:
Total distance: 0.000 pixel units.
First building id/name, followed by Enter: Second building id/name, followed by Enter: Unknown building: [Unknown]
First building id/name, followed by Enter: Second building id/name, followed by Enter: Unknown building: [Unknown]
Unknown building: [0]
First building id/name, followed by Enter: Second building id/name, followed by Enter: Unknown building: [Unknown]
